  Determining projects to restore...
  All projects are up-to-date for restore.
C:\Users\opilane\source\repos\AkordideApi\obj\Debug\net8.0\.NETCoreApp,Version=v8.0.AssemblyAttributes.cs(4,12): error CS0579: Duplicate 'global::System.Runtime.Versioning.TargetFrameworkAttribute' attribute [C:\Users\opilane\source\repos\AkordideApi\AkordideApi.csproj]
C:\Users\opilane\source\repos\AkordideApi\Migrations\20251127122338_init.cs(8,26): warning CS8981: The type name 'init' only contains lower-cased ascii characters. Such names may become reserved for the language. [C:\Users\opilane\source\repos\AkordideApi\AkordideApi.csproj]
C:\Users\opilane\source\repos\AkordideApi\Migrations\20251127122338_init.Designer.cs(16,19): warning CS8981: The type name 'init' only contains lower-cased ascii characters. Such names may become reserved for the language. [C:\Users\opilane\source\repos\AkordideApi\AkordideApi.csproj]
C:\Users\opilane\source\repos\AkordideApi\Migrations\20251127124612_initt.cs(8,26): warning CS8981: The type name 'initt' only contains lower-cased ascii characters. Such names may become reserved for the language. [C:\Users\opilane\source\repos\AkordideApi\AkordideApi.csproj]
C:\Users\opilane\source\repos\AkordideApi\Migrations\20251127124612_initt.Designer.cs(16,19): warning CS8981: The type name 'initt' only contains lower-cased ascii characters. Such names may become reserved for the language. [C:\Users\opilane\source\repos\AkordideApi\AkordideApi.csproj]

Build FAILED.

C:\Users\opilane\source\repos\AkordideApi\Migrations\20251127122338_init.cs(8,26): warning CS8981: The type name 'init' only contains lower-cased ascii characters. Such names may become reserved for the language. [C:\Users\opilane\source\repos\AkordideApi\AkordideApi.csproj]
C:\Users\opilane\source\repos\AkordideApi\Migrations\20251127122338_init.Designer.cs(16,19): warning CS8981: The type name 'init' only contains lower-cased ascii characters. Such names may become reserved for the language. [C:\Users\opilane\source\repos\AkordideApi\AkordideApi.csproj]
C:\Users\opilane\source\repos\AkordideApi\Migrations\20251127124612_initt.cs(8,26): warning CS8981: The type name 'initt' only contains lower-cased ascii characters. Such names may become reserved for the language. [C:\Users\opilane\source\repos\AkordideApi\AkordideApi.csproj]
C:\Users\opilane\source\repos\AkordideApi\Migrations\20251127124612_initt.Designer.cs(16,19): warning CS8981: The type name 'initt' only contains lower-cased ascii characters. Such names may become reserved for the language. [C:\Users\opilane\source\repos\AkordideApi\AkordideApi.csproj]
C:\Users\opilane\source\repos\AkordideApi\obj\Debug\net8.0\.NETCoreApp,Version=v8.0.AssemblyAttributes.cs(4,12): error CS0579: Duplicate 'global::System.Runtime.Versioning.TargetFrameworkAttribute' attribute [C:\Users\opilane\source\repos\AkordideApi\AkordideApi.csproj]
    4 Warning(s)
    1 Error(s)

Time Elapsed 00:00:01.40
